
> omniverse-web@0.1.0 build
> next build

   ▲ Next.js 15.2.2
   - Environments: .env.local, .env.production

   Creating an optimized production build ...
 ✓ Compiled successfully
   Linting and checking validity of types ...
   Collecting page data ...
   Generating static pages (0/10) ...
   Generating static pages (2/10) 
   Generating static pages (4/10) 
   Generating static pages (7/10) 
 ✓ Generating static pages (10/10)
   Finalizing page optimization ...
   Collecting build traces ...

Route (app)                                 Size  First Load JS
┌ ○ /                                      175 B         104 kB
├ ○ /_not-found                            142 B         101 kB
├ ƒ /api/auth/session                      142 B         101 kB
├ ○ /app                                   142 B         101 kB
├ ○ /app/homes                           3.72 kB         124 kB
├ ƒ /app/homes/[homeId]                  5.77 kB         123 kB
├ ƒ /app/homes/[homeId]/activity         2.03 kB         115 kB
├ ƒ /app/homes/[homeId]/automations      5.29 kB         123 kB
├ ƒ /app/homes/[homeId]/rooms            3.57 kB         121 kB
├ ƒ /app/homes/[homeId]/scenes           5.29 kB         123 kB
├ ƒ /app/homes/[homeId]/settings         4.46 kB         122 kB
├ ○ /login                               2.33 kB         114 kB
└ ○ /signup                               2.4 kB         114 kB
+ First Load JS shared by all             100 kB
  ├ chunks/4bd1b696-e81690d518f399aa.js  53.2 kB
  ├ chunks/684-3d8b9db6a7a40582.js       45.3 kB
  └ other shared chunks (total)          1.91 kB


ƒ Middleware                             32.4 kB

○  (Static)   prerendered as static content
ƒ  (Dynamic)  server-rendered on demand

